module Type
  use Ref
  use mach.int.Int
  use prelude.Int8
  use prelude.Int16
  use mach.int.Int32
  use mach.int.Int64
  use prelude.UInt8
  use prelude.UInt16
  use mach.int.UInt32
  use mach.int.UInt64
  use string.Char
  use floating_point.Single
  use floating_point.Double
  use prelude.Prelude
end
module C168_MaxInt_Interface
  use mach.int.Int
  use prelude.Prelude
  use mach.int.UInt64
  val max_int () : usize
end
module C168_MaxInt
  use mach.int.Int
  use prelude.Prelude
  use mach.int.UInt64
  let rec cfg max_int () : usize = 
  var _0 : usize;
  {
    goto BB0
  }
  BB0 {
    _0 <- (18446744073709551615 : usize);
    return _0
  }
  
end
