warning: trait `Trait` is never used
 --> 766.rs:4:7
  |
4 | trait Trait<T: DeepModel, U: DeepModel>:
  |       ^^^^^
  |
  = note: `#[warn(dead_code)]` on by default

warning: 1 warning emitted

