error: calling external function `transmute` with no contract will yield an impossible precondition
 --> contractless_external_function.rs:8:28
  |
8 |     let _x: i32 = unsafe { std::mem::transmute(1i32) };
  |                            ^^^^^^^^^^^^^^^^^^^^^^^^^ function called here
  |
note: the lint level is defined here
 --> contractless_external_function.rs:4:8
  |
4 | #[deny(creusot::contractless_external_function)]
  |        ^^^^^^^^^^^^^^^^^^^^^^^^^^^^^^^^^^^^^^^

error: aborting due to 1 previous error

