module Type
  use Ref
  use mach.int.Int
  use mach.int.Int32
  use mach.int.Int64
  use mach.int.UInt32
  use mach.int.UInt64
  use string.Char
  use floating_point.Single
  use floating_point.Double
  use prelude.Prelude
  type core_cmp_ordering  = 
    | Core_Cmp_Ordering_Less
    | Core_Cmp_Ordering_Equal
    | Core_Cmp_Ordering_Greater
    
  type creusotcontracts_std1_vec_vec 't  
  type creusotcontracts_logic_ghost_ghost 't = 
    | CreusotContracts_Logic_Ghost_Ghost opaque_ptr
    
end
module CreusotContracts_Logic_Ord_OrdLogic_CmpLog_Interface
  type self   
  use Type
  function cmp_log (self : self) (_2 : self) : Type.core_cmp_ordering
end
module CreusotContracts_Logic_Ord_OrdLogic_CmpLog
  type self   
  use Type
  function cmp_log (self : self) (_2 : self) : Type.core_cmp_ordering
end
module CreusotContracts_Logic_Ord_OrdLogic_LeLog_Interface
  type self   
  predicate le_log (self : self) (o : self)
end
module CreusotContracts_Logic_Ord_OrdLogic_LeLog
  type self   
  use Type
  clone CreusotContracts_Logic_Ord_OrdLogic_CmpLog_Interface as CmpLog0 with type self = self
  predicate le_log (self : self) (o : self) = 
    not (CmpLog0.cmp_log self o = Type.Core_Cmp_Ordering_Greater)
end
module CreusotContracts_Logic_Ord_OrdLogic_CmpLeLog_Interface
  type self   
  use Type
  clone CreusotContracts_Logic_Ord_OrdLogic_CmpLog_Interface as CmpLog0 with type self = self
  clone CreusotContracts_Logic_Ord_OrdLogic_LeLog_Interface as LeLog0 with type self = self
  function cmp_le_log (x : self) (y : self) : ()
end
module CreusotContracts_Logic_Ord_OrdLogic_CmpLeLog
  type self   
  use Type
  clone CreusotContracts_Logic_Ord_OrdLogic_CmpLog_Interface as CmpLog0 with type self = self
  clone CreusotContracts_Logic_Ord_OrdLogic_LeLog_Interface as LeLog0 with type self = self
  function cmp_le_log (x : self) (y : self) : ()
  axiom cmp_le_log_spec : forall x : self, y : self . LeLog0.le_log x y = not (CmpLog0.cmp_log x y = Type.Core_Cmp_Ordering_Greater)
end
module CreusotContracts_Logic_Ord_OrdLogic_LtLog_Interface
  type self   
  predicate lt_log (self : self) (o : self)
end
module CreusotContracts_Logic_Ord_OrdLogic_LtLog
  type self   
  use Type
  clone CreusotContracts_Logic_Ord_OrdLogic_CmpLog_Interface as CmpLog0 with type self = self
  predicate lt_log (self : self) (o : self) = 
    CmpLog0.cmp_log self o = Type.Core_Cmp_Ordering_Less
end
module CreusotContracts_Logic_Ord_OrdLogic_CmpLtLog_Interface
  type self   
  use Type
  clone CreusotContracts_Logic_Ord_OrdLogic_CmpLog_Interface as CmpLog0 with type self = self
  clone CreusotContracts_Logic_Ord_OrdLogic_LtLog_Interface as LtLog0 with type self = self
  function cmp_lt_log (x : self) (y : self) : ()
end
module CreusotContracts_Logic_Ord_OrdLogic_CmpLtLog
  type self   
  use Type
  clone CreusotContracts_Logic_Ord_OrdLogic_CmpLog_Interface as CmpLog0 with type self = self
  clone CreusotContracts_Logic_Ord_OrdLogic_LtLog_Interface as LtLog0 with type self = self
  function cmp_lt_log (x : self) (y : self) : ()
  axiom cmp_lt_log_spec : forall x : self, y : self . LtLog0.lt_log x y = (CmpLog0.cmp_log x y = Type.Core_Cmp_Ordering_Less)
end
module CreusotContracts_Logic_Ord_OrdLogic_GeLog_Interface
  type self   
  predicate ge_log (self : self) (o : self)
end
module CreusotContracts_Logic_Ord_OrdLogic_GeLog
  type self   
  use Type
  clone CreusotContracts_Logic_Ord_OrdLogic_CmpLog_Interface as CmpLog0 with type self = self
  predicate ge_log (self : self) (o : self) = 
    not (CmpLog0.cmp_log self o = Type.Core_Cmp_Ordering_Less)
end
module CreusotContracts_Logic_Ord_OrdLogic_CmpGeLog_Interface
  type self   
  use Type
  clone CreusotContracts_Logic_Ord_OrdLogic_CmpLog_Interface as CmpLog0 with type self = self
  clone CreusotContracts_Logic_Ord_OrdLogic_GeLog_Interface as GeLog0 with type self = self
  function cmp_ge_log (x : self) (y : self) : ()
end
module CreusotContracts_Logic_Ord_OrdLogic_CmpGeLog
  type self   
  use Type
  clone CreusotContracts_Logic_Ord_OrdLogic_CmpLog_Interface as CmpLog0 with type self = self
  clone CreusotContracts_Logic_Ord_OrdLogic_GeLog_Interface as GeLog0 with type self = self
  function cmp_ge_log (x : self) (y : self) : ()
  axiom cmp_ge_log_spec : forall x : self, y : self . GeLog0.ge_log x y = not (CmpLog0.cmp_log x y = Type.Core_Cmp_Ordering_Less)
end
module CreusotContracts_Logic_Ord_OrdLogic_GtLog_Interface
  type self   
  predicate gt_log (self : self) (o : self)
end
module CreusotContracts_Logic_Ord_OrdLogic_GtLog
  type self   
  use Type
  clone CreusotContracts_Logic_Ord_OrdLogic_CmpLog_Interface as CmpLog0 with type self = self
  predicate gt_log (self : self) (o : self) = 
    CmpLog0.cmp_log self o = Type.Core_Cmp_Ordering_Greater
end
module CreusotContracts_Logic_Ord_OrdLogic_CmpGtLog_Interface
  type self   
  use Type
  clone CreusotContracts_Logic_Ord_OrdLogic_CmpLog_Interface as CmpLog0 with type self = self
  clone CreusotContracts_Logic_Ord_OrdLogic_GtLog_Interface as GtLog0 with type self = self
  function cmp_gt_log (x : self) (y : self) : ()
end
module CreusotContracts_Logic_Ord_OrdLogic_CmpGtLog
  type self   
  use Type
  clone CreusotContracts_Logic_Ord_OrdLogic_CmpLog_Interface as CmpLog0 with type self = self
  clone CreusotContracts_Logic_Ord_OrdLogic_GtLog_Interface as GtLog0 with type self = self
  function cmp_gt_log (x : self) (y : self) : ()
  axiom cmp_gt_log_spec : forall x : self, y : self . GtLog0.gt_log x y = (CmpLog0.cmp_log x y = Type.Core_Cmp_Ordering_Greater)
end
module CreusotContracts_Logic_Ord_OrdLogic_Refl_Interface
  type self   
  use Type
  clone CreusotContracts_Logic_Ord_OrdLogic_CmpLog_Interface as CmpLog0 with type self = self
  function refl (x : self) : ()
end
module CreusotContracts_Logic_Ord_OrdLogic_Refl
  type self   
  use Type
  clone CreusotContracts_Logic_Ord_OrdLogic_CmpLog_Interface as CmpLog0 with type self = self
  function refl (x : self) : ()
  axiom refl_spec : forall x : self . CmpLog0.cmp_log x x = Type.Core_Cmp_Ordering_Equal
end
module CreusotContracts_Logic_Ord_OrdLogic_Trans_Interface
  type self   
  use Type
  clone CreusotContracts_Logic_Ord_OrdLogic_CmpLog_Interface as CmpLog0 with type self = self
  function trans (x : self) (y : self) (z : self) (o : Type.core_cmp_ordering) : ()
end
module CreusotContracts_Logic_Ord_OrdLogic_Trans
  type self   
  use Type
  clone CreusotContracts_Logic_Ord_OrdLogic_CmpLog_Interface as CmpLog0 with type self = self
  function trans (x : self) (y : self) (z : self) (o : Type.core_cmp_ordering) : ()
  axiom trans_spec : forall x : self, y : self, z : self, o : Type.core_cmp_ordering . CmpLog0.cmp_log y z = o -> CmpLog0.cmp_log x y = o -> CmpLog0.cmp_log x z = o
end
module CreusotContracts_Logic_Ord_OrdLogic_Antisym1_Interface
  type self   
  use Type
  clone CreusotContracts_Logic_Ord_OrdLogic_CmpLog_Interface as CmpLog0 with type self = self
  function antisym1 (x : self) (y : self) : ()
end
module CreusotContracts_Logic_Ord_OrdLogic_Antisym1
  type self   
  use Type
  clone CreusotContracts_Logic_Ord_OrdLogic_CmpLog_Interface as CmpLog0 with type self = self
  function antisym1 (x : self) (y : self) : ()
  axiom antisym1_spec : forall x : self, y : self . CmpLog0.cmp_log x y = Type.Core_Cmp_Ordering_Less -> CmpLog0.cmp_log y x = Type.Core_Cmp_Ordering_Greater
end
module CreusotContracts_Logic_Ord_OrdLogic_Antisym2_Interface
  type self   
  use Type
  clone CreusotContracts_Logic_Ord_OrdLogic_CmpLog_Interface as CmpLog0 with type self = self
  function antisym2 (x : self) (y : self) : ()
end
module CreusotContracts_Logic_Ord_OrdLogic_Antisym2
  type self   
  use Type
  clone CreusotContracts_Logic_Ord_OrdLogic_CmpLog_Interface as CmpLog0 with type self = self
  function antisym2 (x : self) (y : self) : ()
  axiom antisym2_spec : forall x : self, y : self . CmpLog0.cmp_log x y = Type.Core_Cmp_Ordering_Greater -> CmpLog0.cmp_log y x = Type.Core_Cmp_Ordering_Less
end
module CreusotContracts_Logic_Eq_EqLogic_LogEq_Interface
  type self   
  predicate log_eq (self : self) (_2 : self)
end
module CreusotContracts_Logic_Eq_EqLogic_LogEq
  type self   
  predicate log_eq (self : self) (_2 : self)
end
module CreusotContracts_Logic_Eq_EqLogic_LogNe_Interface
  type self   
  predicate log_ne (self : self) (_2 : self)
end
module CreusotContracts_Logic_Eq_EqLogic_LogNe
  type self   
  predicate log_ne (self : self) (_2 : self)
end
module CreusotContracts_Logic_Eq_EqLogic_EqNe_Interface
  type self   
  clone CreusotContracts_Logic_Eq_EqLogic_LogNe_Interface as LogNe0 with type self = self
  clone CreusotContracts_Logic_Eq_EqLogic_LogEq_Interface as LogEq0 with type self = self
  function eq_ne (a : self) (b : self) : ()
end
module CreusotContracts_Logic_Eq_EqLogic_EqNe
  type self   
  clone CreusotContracts_Logic_Eq_EqLogic_LogNe_Interface as LogNe0 with type self = self
  clone CreusotContracts_Logic_Eq_EqLogic_LogEq_Interface as LogEq0 with type self = self
  function eq_ne (a : self) (b : self) : ()
  axiom eq_ne_spec : forall a : self, b : self . not (LogEq0.log_eq a b = LogNe0.log_ne a b)
end
module CreusotContracts_Logic_Eq_EqLogic_Refl_Interface
  type self   
  clone CreusotContracts_Logic_Eq_EqLogic_LogEq_Interface as LogEq0 with type self = self
  function refl (x : self) : ()
end
module CreusotContracts_Logic_Eq_EqLogic_Refl
  type self   
  clone CreusotContracts_Logic_Eq_EqLogic_LogEq_Interface as LogEq0 with type self = self
  function refl (x : self) : ()
  axiom refl_spec : forall x : self . LogEq0.log_eq x x
end
module CreusotContracts_Logic_Eq_EqLogic_Symmetry_Interface
  type self   
  clone CreusotContracts_Logic_Eq_EqLogic_LogEq_Interface as LogEq0 with type self = self
  function symmetry (x : self) (y : self) : ()
end
module CreusotContracts_Logic_Eq_EqLogic_Symmetry
  type self   
  clone CreusotContracts_Logic_Eq_EqLogic_LogEq_Interface as LogEq0 with type self = self
  function symmetry (x : self) (y : self) : ()
  axiom symmetry_spec : forall x : self, y : self . LogEq0.log_eq x y -> LogEq0.log_eq y x
end
module CreusotContracts_Logic_Eq_EqLogic_Transitivity_Interface
  type self   
  clone CreusotContracts_Logic_Eq_EqLogic_LogEq_Interface as LogEq0 with type self = self
  function transitivity (x : self) (y : self) (z : self) : ()
end
module CreusotContracts_Logic_Eq_EqLogic_Transitivity
  type self   
  clone CreusotContracts_Logic_Eq_EqLogic_LogEq_Interface as LogEq0 with type self = self
  function transitivity (x : self) (y : self) (z : self) : ()
  axiom transitivity_spec : forall x : self, y : self, z : self . LogEq0.log_eq y z -> LogEq0.log_eq x y -> LogEq0.log_eq x z
end
module CreusotContracts_Logic_Ord_OrdLogic_EqCmp_Interface
  type self   
  use Type
  clone CreusotContracts_Logic_Eq_EqLogic_LogEq_Interface as LogEq0 with type self = self
  clone CreusotContracts_Logic_Ord_OrdLogic_CmpLog_Interface as CmpLog0 with type self = self
  function eq_cmp (x : self) (y : self) : ()
end
module CreusotContracts_Logic_Ord_OrdLogic_EqCmp
  type self   
  use Type
  clone CreusotContracts_Logic_Eq_EqLogic_LogEq_Interface as LogEq0 with type self = self
  clone CreusotContracts_Logic_Ord_OrdLogic_CmpLog_Interface as CmpLog0 with type self = self
  function eq_cmp (x : self) (y : self) : ()
  axiom eq_cmp_spec : forall x : self, y : self . (LogEq0.log_eq x y -> CmpLog0.cmp_log x y = Type.Core_Cmp_Ordering_Equal) && (CmpLog0.cmp_log y x = Type.Core_Cmp_Ordering_Equal -> LogEq0.log_eq x y)
end
module C02Gnome_SortedRange_Interface
  type t   
  use seq.Seq
  use mach.int.Int
  predicate sorted_range (s : Seq.seq t) (l : int) (u : int)
end
module C02Gnome_SortedRange
  type t   
  use seq.Seq
  use mach.int.Int
  clone CreusotContracts_Logic_Ord_OrdLogic_LeLog_Interface as LeLog0 with type self = t
  predicate sorted_range (s : Seq.seq t) (l : int) (u : int) = 
    forall j : (int) . forall i : (int) . l <= i && i < j && j < u -> LeLog0.le_log (Seq.get s i) (Seq.get s j)
end
module C02Gnome_Sorted_Interface
  type t   
  use seq.Seq
  predicate sorted (s : Seq.seq t)
end
module C02Gnome_Sorted
  type t   
  use seq.Seq
  use mach.int.Int
  use mach.int.Int32
  clone C02Gnome_SortedRange_Interface as SortedRange0 with type t = t
  predicate sorted (s : Seq.seq t) = 
    SortedRange0.sorted_range s 0 (Seq.length s)
end
module CreusotContracts_Logic_Model_Model_ModelTy
  type self   
  type modelTy   
end
module CreusotContracts_Logic_Model_Model_Model_Interface
  type self   
  clone CreusotContracts_Logic_Model_Model_ModelTy as ModelTy0 with type self = self
  function model (self : self) : ModelTy0.modelTy
end
module CreusotContracts_Logic_Model_Model_Model
  type self   
  clone CreusotContracts_Logic_Model_Model_ModelTy as ModelTy0 with type self = self
  function model (self : self) : ModelTy0.modelTy
end
module CreusotContracts_Std1_Vec_Impl0_ModelTy
  type t   
  use seq.Seq
  type modelTy  = 
    Seq.seq t
end
module CreusotContracts_Std1_Vec_Impl0_Model_Interface
  type t   
  use Type
  use seq.Seq
  function model (self : Type.creusotcontracts_std1_vec_vec t) : Seq.seq t
end
module CreusotContracts_Std1_Vec_Impl0_Model
  type t   
  use Type
  use seq.Seq
  function model (self : Type.creusotcontracts_std1_vec_vec t) : Seq.seq t
end
module CreusotContracts_Std1_Vec_Impl0
  type t   
  use Type
  clone CreusotContracts_Std1_Vec_Impl0_Model as Model0 with type t = t
  clone CreusotContracts_Std1_Vec_Impl0_ModelTy as ModelTy0 with type t = t
  clone CreusotContracts_Logic_Model_Model_Model as Model1 with type self = Type.creusotcontracts_std1_vec_vec t,
  type ModelTy0.modelTy = ModelTy0.modelTy, function model = Model0.model
  clone CreusotContracts_Logic_Model_Model_ModelTy as ModelTy1 with type self = Type.creusotcontracts_std1_vec_vec t,
  type modelTy = ModelTy0.modelTy
end
module CreusotContracts_Logic_Seq_Impl0_PermutationOf_Interface
  type t   
  use seq.Seq
  predicate permutation_of (self : Seq.seq t) (o : Seq.seq t)
end
module CreusotContracts_Logic_Seq_Impl0_PermutationOf
  type t   
  use seq.Seq
  use mach.int.Int
  use mach.int.Int32
  use seq.Permut
  predicate permutation_of (self : Seq.seq t) (o : Seq.seq t) = 
    Permut.permut self o 0 (Seq.length self)
end
module CreusotContracts_Logic_Model_Impl1_ModelTy
  type t   
  clone CreusotContracts_Logic_Model_Model_ModelTy as ModelTy0 with type self = t
  type modelTy  = 
    ModelTy0.modelTy
end
module CreusotContracts_Logic_Model_Impl1_Model_Interface
  type t   
  use prelude.Prelude
  clone CreusotContracts_Logic_Model_Model_ModelTy as ModelTy0 with type self = t
  function model (self : borrowed t) : ModelTy0.modelTy
end
module CreusotContracts_Logic_Model_Impl1_Model
  type t   
  use prelude.Prelude
  clone CreusotContracts_Logic_Model_Model_ModelTy as ModelTy0 with type self = t
  clone CreusotContracts_Logic_Model_Model_Model_Interface as Model0 with type self = t,
  type ModelTy0.modelTy = ModelTy0.modelTy
  function model (self : borrowed t) : ModelTy0.modelTy = 
    Model0.model ( * self)
end
module CreusotContracts_Logic_Model_Impl1
  type t   
  use prelude.Prelude
  clone CreusotContracts_Logic_Model_Model_ModelTy as ModelTy2 with type self = t
  clone CreusotContracts_Logic_Model_Model_Model as Model2 with type self = t, type ModelTy0.modelTy = ModelTy2.modelTy
  clone CreusotContracts_Logic_Model_Impl1_Model as Model0 with type t = t, type ModelTy0.modelTy = ModelTy2.modelTy,
  function Model0.model = Model2.model
  clone CreusotContracts_Logic_Model_Impl1_ModelTy as ModelTy0 with type t = t, type ModelTy0.modelTy = ModelTy2.modelTy
  clone CreusotContracts_Logic_Model_Model_Model as Model1 with type self = borrowed t,
  type ModelTy0.modelTy = ModelTy0.modelTy, function model = Model0.model
  clone CreusotContracts_Logic_Model_Model_ModelTy as ModelTy1 with type self = borrowed t,
  type modelTy = ModelTy0.modelTy
end
module CreusotContracts_Logic_Ghost_Impl0_ModelTy
  type t   
  type modelTy  = 
    t
end
module CreusotContracts_Logic_Ghost_Impl0_Model_Interface
  type t   
  use Type
  function model (self : Type.creusotcontracts_logic_ghost_ghost t) : t
end
module CreusotContracts_Logic_Ghost_Impl0_Model
  type t   
  use Type
  function model (self : Type.creusotcontracts_logic_ghost_ghost t) : t
end
module CreusotContracts_Logic_Ghost_Impl0
  type t   
  use Type
  clone CreusotContracts_Logic_Ghost_Impl0_Model as Model0 with type t = t
  clone CreusotContracts_Logic_Ghost_Impl0_ModelTy as ModelTy0 with type t = t
  clone CreusotContracts_Logic_Model_Model_Model as Model1 with type self = Type.creusotcontracts_logic_ghost_ghost t,
  type ModelTy0.modelTy = ModelTy0.modelTy, function model = Model0.model
  clone CreusotContracts_Logic_Model_Model_ModelTy as ModelTy1 with type self = Type.creusotcontracts_logic_ghost_ghost t,
  type modelTy = ModelTy0.modelTy
end
module CreusotContracts_Logic_Resolve_Resolve_Resolve_Interface
  type self   
  predicate resolve (self : self)
end
module CreusotContracts_Logic_Resolve_Resolve_Resolve
  type self   
  predicate resolve (self : self)
end
module CreusotContracts_Logic_Ghost_Impl1_Record_Interface
  type t   
  use prelude.Prelude
  use Type
  clone CreusotContracts_Logic_Ghost_Impl0_Model_Interface as Model0 with type t = t
  val record (a : t) : Type.creusotcontracts_logic_ghost_ghost t
    ensures { Model0.model result = a }
    
end
module CreusotContracts_Logic_Ghost_Impl1_Record
  type t   
  use prelude.Prelude
  use Type
  clone CreusotContracts_Logic_Ghost_Impl0_Model as Model0 with type t = t
  val record (a : t) : Type.creusotcontracts_logic_ghost_ghost t
    ensures { Model0.model result = a }
    
end
module CreusotContracts_Logic_Model_Impl0_ModelTy
  type t   
  clone CreusotContracts_Logic_Model_Model_ModelTy as ModelTy0 with type self = t
  type modelTy  = 
    ModelTy0.modelTy
end
module CreusotContracts_Logic_Model_Impl0_Model_Interface
  type t   
  use prelude.Prelude
  clone CreusotContracts_Logic_Model_Model_ModelTy as ModelTy0 with type self = t
  function model (self : t) : ModelTy0.modelTy
end
module CreusotContracts_Logic_Model_Impl0_Model
  type t   
  use prelude.Prelude
  clone CreusotContracts_Logic_Model_Model_ModelTy as ModelTy0 with type self = t
  clone CreusotContracts_Logic_Model_Model_Model_Interface as Model0 with type self = t,
  type ModelTy0.modelTy = ModelTy0.modelTy
  function model (self : t) : ModelTy0.modelTy = 
    Model0.model self
end
module CreusotContracts_Logic_Model_Impl0
  type t   
  use prelude.Prelude
  clone CreusotContracts_Logic_Model_Model_ModelTy as ModelTy2 with type self = t
  clone CreusotContracts_Logic_Model_Model_Model as Model2 with type self = t, type ModelTy0.modelTy = ModelTy2.modelTy
  clone CreusotContracts_Logic_Model_Impl0_Model as Model0 with type t = t, type ModelTy0.modelTy = ModelTy2.modelTy,
  function Model0.model = Model2.model
  clone CreusotContracts_Logic_Model_Impl0_ModelTy as ModelTy0 with type t = t, type ModelTy0.modelTy = ModelTy2.modelTy
  clone CreusotContracts_Logic_Model_Model_Model as Model1 with type self = t, type ModelTy0.modelTy = ModelTy0.modelTy,
  function model = Model0.model
  clone CreusotContracts_Logic_Model_Model_ModelTy as ModelTy1 with type self = t, type modelTy = ModelTy0.modelTy
end
module CreusotContracts_Std1_Vec_Impl1_Len_Interface
  type t   
  use mach.int.UInt64
  use seq.Seq
  use prelude.Prelude
  use Type
  use mach.int.Int
  clone CreusotContracts_Std1_Vec_Impl0_ModelTy as ModelTy0 with type t = t
  clone CreusotContracts_Logic_Model_Impl0_Model_Interface as Model0 with type t = Type.creusotcontracts_std1_vec_vec t,
  type ModelTy0.modelTy = ModelTy0.modelTy
  val len (self : Type.creusotcontracts_std1_vec_vec t) : usize
    ensures { UInt64.to_int result = Seq.length (Model0.model self) }
    
end
module CreusotContracts_Std1_Vec_Impl1_Len
  type t   
  use mach.int.UInt64
  use seq.Seq
  use prelude.Prelude
  use Type
  use mach.int.Int
  clone CreusotContracts_Std1_Vec_Impl0_Model as Model1 with type t = t
  clone CreusotContracts_Std1_Vec_Impl0_ModelTy as ModelTy0 with type t = t
  clone CreusotContracts_Logic_Model_Impl0_Model as Model0 with type t = Type.creusotcontracts_std1_vec_vec t,
  type ModelTy0.modelTy = ModelTy0.modelTy, function Model0.model = Model1.model
  val len (self : Type.creusotcontracts_std1_vec_vec t) : usize
    ensures { UInt64.to_int result = Seq.length (Model0.model self) }
    
end
module CreusotContracts_Std1_Vec_Impl1_Swap_Interface
  type t   
  use mach.int.UInt64
  use seq.Seq
  use mach.int.Int
  use seq.Permut
  use prelude.Prelude
  use Type
  clone CreusotContracts_Std1_Vec_Impl0_Model_Interface as Model1 with type t = t
  clone CreusotContracts_Std1_Vec_Impl0_ModelTy as ModelTy0 with type t = t
  clone CreusotContracts_Logic_Model_Impl1_Model_Interface as Model0 with type t = Type.creusotcontracts_std1_vec_vec t,
  type ModelTy0.modelTy = ModelTy0.modelTy
  val swap (self : borrowed (Type.creusotcontracts_std1_vec_vec t)) (i : usize) (j : usize) : ()
    requires {UInt64.to_int j < Seq.length (Model0.model self)}
    requires {UInt64.to_int i < Seq.length (Model0.model self)}
    ensures { Permut.exchange (Model1.model ( ^ self)) (Model1.model ( * self)) (UInt64.to_int i) (UInt64.to_int j) }
    
end
module CreusotContracts_Std1_Vec_Impl1_Swap
  type t   
  use mach.int.UInt64
  use seq.Seq
  use mach.int.Int
  use seq.Permut
  use prelude.Prelude
  use Type
  clone CreusotContracts_Std1_Vec_Impl0_Model as Model1 with type t = t
  clone CreusotContracts_Std1_Vec_Impl0_ModelTy as ModelTy0 with type t = t
  clone CreusotContracts_Logic_Model_Impl1_Model as Model0 with type t = Type.creusotcontracts_std1_vec_vec t,
  type ModelTy0.modelTy = ModelTy0.modelTy, function Model0.model = Model1.model
  val swap (self : borrowed (Type.creusotcontracts_std1_vec_vec t)) (i : usize) (j : usize) : ()
    requires {UInt64.to_int j < Seq.length (Model0.model self)}
    requires {UInt64.to_int i < Seq.length (Model0.model self)}
    ensures { Permut.exchange (Model1.model ( ^ self)) (Model1.model ( * self)) (UInt64.to_int i) (UInt64.to_int j) }
    
end
module Core_Ops_Index_Index_Output
  type self   
  type idx   
  type output   
end
module Core_Ops_Index_Index_Index_Interface
  type self   
  type idx   
  use prelude.Prelude
  clone Core_Ops_Index_Index_Output as Output0 with type self = self, type idx = idx
  val index (self : self) (index : idx) : Output0.output
    requires {false}
    
end
module Core_Ops_Index_Index_Index
  type self   
  type idx   
  use prelude.Prelude
  clone Core_Ops_Index_Index_Output as Output0 with type self = self, type idx = idx
  val index (self : self) (index : idx) : Output0.output
    requires {false}
    
end
module CreusotContracts_Std1_Vec_Impl3_Output
  type t   
  type output  = 
    t
end
module CreusotContracts_Std1_Vec_Impl3_Index_Interface
  type t   
  use mach.int.UInt64
  use seq.Seq
  use mach.int.Int
  use prelude.Prelude
  use Type
  clone CreusotContracts_Std1_Vec_Impl0_ModelTy as ModelTy0 with type t = t
  clone CreusotContracts_Logic_Model_Impl0_Model_Interface as Model0 with type t = Type.creusotcontracts_std1_vec_vec t,
  type ModelTy0.modelTy = ModelTy0.modelTy
  val index (self : Type.creusotcontracts_std1_vec_vec t) (ix : usize) : t
    requires {UInt64.to_int ix < Seq.length (Model0.model self)}
    ensures { result = Seq.get (Model0.model self) (UInt64.to_int ix) }
    
end
module CreusotContracts_Std1_Vec_Impl3_Index
  type t   
  use mach.int.UInt64
  use seq.Seq
  use mach.int.Int
  use prelude.Prelude
  use Type
  clone CreusotContracts_Std1_Vec_Impl0_Model as Model1 with type t = t
  clone CreusotContracts_Std1_Vec_Impl0_ModelTy as ModelTy0 with type t = t
  clone CreusotContracts_Logic_Model_Impl0_Model as Model0 with type t = Type.creusotcontracts_std1_vec_vec t,
  type ModelTy0.modelTy = ModelTy0.modelTy, function Model0.model = Model1.model
  val index (self : Type.creusotcontracts_std1_vec_vec t) (ix : usize) : t
    requires {UInt64.to_int ix < Seq.length (Model0.model self)}
    ensures { result = Seq.get (Model0.model self) (UInt64.to_int ix) }
    
end
module CreusotContracts_Std1_Vec_Impl3
  type t   
  use Type
  use mach.int.Int
  use prelude.Prelude
  use mach.int.UInt64
  clone CreusotContracts_Std1_Vec_Impl0_Model as Model1 with type t = t
  clone CreusotContracts_Std1_Vec_Impl0_ModelTy as ModelTy0 with type t = t
  clone CreusotContracts_Logic_Model_Impl0_Model as Model0 with type t = Type.creusotcontracts_std1_vec_vec t,
  type ModelTy0.modelTy = ModelTy0.modelTy, function Model0.model = Model1.model
  clone CreusotContracts_Std1_Vec_Impl3_Index_Interface as Index0 with type t = t, function Model0.model = Model0.model
  clone CreusotContracts_Std1_Vec_Impl3_Output as Output0 with type t = t
  clone Core_Ops_Index_Index_Index_Interface as Index1 with type self = Type.creusotcontracts_std1_vec_vec t,
  type idx = usize, type Output0.output = Output0.output, val index = Index0.index
  clone Core_Ops_Index_Index_Output as Output1 with type self = Type.creusotcontracts_std1_vec_vec t, type idx = usize,
  type output = Output0.output
end
module CreusotContracts_Std1_Ord_Ord_Cmp_Interface
  type self   
  use prelude.Prelude
  use Type
  clone CreusotContracts_Logic_Ord_OrdLogic_CmpLog_Interface as CmpLog0 with type self = self
  val cmp (self : self) (o : self) : Type.core_cmp_ordering
    ensures { result = CmpLog0.cmp_log self o }
    
end
module CreusotContracts_Std1_Ord_Ord_Cmp
  type self   
  use prelude.Prelude
  use Type
  clone CreusotContracts_Logic_Ord_OrdLogic_CmpLog as CmpLog0 with type self = self
  val cmp (self : self) (o : self) : Type.core_cmp_ordering
    ensures { result = CmpLog0.cmp_log self o }
    
end
module CreusotContracts_Std1_Ord_Ord_Le_Interface
  type self   
  use prelude.Prelude
  clone CreusotContracts_Logic_Ord_OrdLogic_LeLog_Interface as LeLog0 with type self = self
  val le (self : self) (o : self) : bool
    ensures { result = LeLog0.le_log self o }
    
end
module CreusotContracts_Std1_Ord_Ord_Le
  type self   
  use prelude.Prelude
  clone CreusotContracts_Logic_Ord_OrdLogic_CmpLog as CmpLog0 with type self = self
  clone CreusotContracts_Logic_Ord_OrdLogic_LeLog as LeLog0 with type self = self,
  function CmpLog0.cmp_log = CmpLog0.cmp_log
  val le (self : self) (o : self) : bool
    ensures { result = LeLog0.le_log self o }
    
end
module CreusotContracts_Std1_Ord_Ord_Ge_Interface
  type self   
  use prelude.Prelude
  clone CreusotContracts_Logic_Ord_OrdLogic_GeLog_Interface as GeLog0 with type self = self
  val ge (self : self) (o : self) : bool
    ensures { result = GeLog0.ge_log self o }
    
end
module CreusotContracts_Std1_Ord_Ord_Ge
  type self   
  use prelude.Prelude
  clone CreusotContracts_Logic_Ord_OrdLogic_CmpLog as CmpLog0 with type self = self
  clone CreusotContracts_Logic_Ord_OrdLogic_GeLog as GeLog0 with type self = self,
  function CmpLog0.cmp_log = CmpLog0.cmp_log
  val ge (self : self) (o : self) : bool
    ensures { result = GeLog0.ge_log self o }
    
end
module CreusotContracts_Std1_Ord_Ord_Gt_Interface
  type self   
  use prelude.Prelude
  clone CreusotContracts_Logic_Ord_OrdLogic_GtLog_Interface as GtLog0 with type self = self
  val gt (self : self) (o : self) : bool
    ensures { result = GtLog0.gt_log self o }
    
end
module CreusotContracts_Std1_Ord_Ord_Gt
  type self   
  use prelude.Prelude
  clone CreusotContracts_Logic_Ord_OrdLogic_CmpLog as CmpLog0 with type self = self
  clone CreusotContracts_Logic_Ord_OrdLogic_GtLog as GtLog0 with type self = self,
  function CmpLog0.cmp_log = CmpLog0.cmp_log
  val gt (self : self) (o : self) : bool
    ensures { result = GtLog0.gt_log self o }
    
end
module CreusotContracts_Std1_Ord_Ord_Lt_Interface
  type self   
  use prelude.Prelude
  clone CreusotContracts_Logic_Ord_OrdLogic_LtLog_Interface as LtLog0 with type self = self
  val lt (self : self) (o : self) : bool
    ensures { result = LtLog0.lt_log self o }
    
end
module CreusotContracts_Std1_Ord_Ord_Lt
  type self   
  use prelude.Prelude
  clone CreusotContracts_Logic_Ord_OrdLogic_CmpLog as CmpLog0 with type self = self
  clone CreusotContracts_Logic_Ord_OrdLogic_LtLog as LtLog0 with type self = self,
  function CmpLog0.cmp_log = CmpLog0.cmp_log
  val lt (self : self) (o : self) : bool
    ensures { result = LtLog0.lt_log self o }
    
end
module CreusotContracts_Logic_Resolve_Impl1_Resolve_Interface
  type t   
  use prelude.Prelude
  predicate resolve (self : borrowed t)
end
module CreusotContracts_Logic_Resolve_Impl1_Resolve
  type t   
  use prelude.Prelude
  predicate resolve (self : borrowed t) = 
     ^ self =  * self
end
module CreusotContracts_Logic_Resolve_Impl1
  type t   
  use prelude.Prelude
  clone CreusotContracts_Logic_Resolve_Impl1_Resolve as Resolve0 with type t = t
  clone CreusotContracts_Logic_Resolve_Resolve_Resolve as Resolve1 with type self = borrowed t,
  predicate resolve = Resolve0.resolve
end
module C02Gnome_GnomeSort_Interface
  type t   
  use prelude.Prelude
  use Type
  clone C02Gnome_Sorted_Interface as Sorted0 with type t = t
  clone CreusotContracts_Logic_Seq_Impl0_PermutationOf_Interface as PermutationOf0 with type t = t
  clone CreusotContracts_Std1_Vec_Impl0_Model_Interface as Model0 with type t = t
  val gnome_sort (v : borrowed (Type.creusotcontracts_std1_vec_vec t)) : ()
    ensures { PermutationOf0.permutation_of (Model0.model ( ^ v)) (Model0.model ( * v)) }
    ensures { Sorted0.sorted (Model0.model ( ^ v)) }
    
end
module C02Gnome_GnomeSort
  type t   
  use mach.int.Int
  use mach.int.Int32
  use mach.int.UInt64
  use prelude.Prelude
  use Type
  clone CreusotContracts_Logic_Eq_EqLogic_LogNe as LogNe0 with type self = t
  clone CreusotContracts_Logic_Eq_EqLogic_LogEq as LogEq0 with type self = t
  clone CreusotContracts_Logic_Eq_EqLogic_Transitivity as Transitivity0 with type self = t,
  predicate LogEq0.log_eq = LogEq0.log_eq, axiom .
  clone CreusotContracts_Logic_Eq_EqLogic_Symmetry as Symmetry0 with type self = t,
  predicate LogEq0.log_eq = LogEq0.log_eq, axiom .
  clone CreusotContracts_Logic_Eq_EqLogic_Refl as Refl1 with type self = t, predicate LogEq0.log_eq = LogEq0.log_eq,
  axiom .
  clone CreusotContracts_Logic_Eq_EqLogic_EqNe as EqNe0 with type self = t, predicate LogEq0.log_eq = LogEq0.log_eq,
  predicate LogNe0.log_ne = LogNe0.log_ne, axiom .
  clone CreusotContracts_Logic_Ord_OrdLogic_CmpLog as CmpLog0 with type self = t
  clone CreusotContracts_Logic_Ord_OrdLogic_GtLog as GtLog0 with type self = t,
  function CmpLog0.cmp_log = CmpLog0.cmp_log
  clone CreusotContracts_Logic_Ord_OrdLogic_CmpGtLog as CmpGtLog0 with type self = t,
  predicate GtLog0.gt_log = GtLog0.gt_log, function CmpLog0.cmp_log = CmpLog0.cmp_log, axiom .
  clone CreusotContracts_Logic_Ord_OrdLogic_GeLog as GeLog0 with type self = t,
  function CmpLog0.cmp_log = CmpLog0.cmp_log
  clone CreusotContracts_Logic_Ord_OrdLogic_CmpGeLog as CmpGeLog0 with type self = t,
  predicate GeLog0.ge_log = GeLog0.ge_log, function CmpLog0.cmp_log = CmpLog0.cmp_log, axiom .
  clone CreusotContracts_Logic_Ord_OrdLogic_LtLog as LtLog0 with type self = t,
  function CmpLog0.cmp_log = CmpLog0.cmp_log
  clone CreusotContracts_Logic_Ord_OrdLogic_CmpLtLog as CmpLtLog0 with type self = t,
  predicate LtLog0.lt_log = LtLog0.lt_log, function CmpLog0.cmp_log = CmpLog0.cmp_log, axiom .
  clone CreusotContracts_Logic_Ord_OrdLogic_EqCmp as EqCmp0 with type self = t,
  function CmpLog0.cmp_log = CmpLog0.cmp_log, predicate LogEq0.log_eq = LogEq0.log_eq, axiom .
  clone CreusotContracts_Logic_Ord_OrdLogic_Antisym2 as Antisym20 with type self = t,
  function CmpLog0.cmp_log = CmpLog0.cmp_log, axiom .
  clone CreusotContracts_Logic_Ord_OrdLogic_Antisym1 as Antisym10 with type self = t,
  function CmpLog0.cmp_log = CmpLog0.cmp_log, axiom .
  clone CreusotContracts_Logic_Ord_OrdLogic_Trans as Trans0 with type self = t,
  function CmpLog0.cmp_log = CmpLog0.cmp_log, axiom .
  clone CreusotContracts_Logic_Ord_OrdLogic_Refl as Refl0 with type self = t,
  function CmpLog0.cmp_log = CmpLog0.cmp_log, axiom .
  clone CreusotContracts_Logic_Ord_OrdLogic_LeLog as LeLog0 with type self = t,
  function CmpLog0.cmp_log = CmpLog0.cmp_log
  clone CreusotContracts_Logic_Ord_OrdLogic_CmpLeLog as CmpLeLog0 with type self = t,
  predicate LeLog0.le_log = LeLog0.le_log, function CmpLog0.cmp_log = CmpLog0.cmp_log, axiom .
  clone C02Gnome_SortedRange as SortedRange0 with type t = t, predicate LeLog0.le_log = LeLog0.le_log
  clone C02Gnome_Sorted as Sorted0 with type t = t, predicate SortedRange0.sorted_range = SortedRange0.sorted_range
  clone CreusotContracts_Logic_Seq_Impl0_PermutationOf as PermutationOf0 with type t = t
  clone CreusotContracts_Logic_Ghost_Impl0_Model as Model1 with type t = borrowed (Type.creusotcontracts_std1_vec_vec t)
  clone CreusotContracts_Std1_Vec_Impl0_Model as Model2 with type t = t
  clone CreusotContracts_Std1_Vec_Impl0_ModelTy as ModelTy0 with type t = t
  clone CreusotContracts_Logic_Model_Impl1_Model as Model0 with type t = Type.creusotcontracts_std1_vec_vec t,
  type ModelTy0.modelTy = ModelTy0.modelTy, function Model0.model = Model2.model
  clone CreusotContracts_Logic_Resolve_Impl1_Resolve as Resolve6 with type t = Type.creusotcontracts_std1_vec_vec t
  clone CreusotContracts_Logic_Resolve_Resolve_Resolve as Resolve5 with type self = bool
  clone CreusotContracts_Logic_Resolve_Resolve_Resolve as Resolve4 with type self = t
  clone CreusotContracts_Logic_Resolve_Resolve_Resolve as Resolve3 with type self = ()
  clone CreusotContracts_Logic_Resolve_Resolve_Resolve as Resolve2 with type self = usize
  clone CreusotContracts_Logic_Resolve_Resolve_Resolve as Resolve1 with type self = Type.creusotcontracts_logic_ghost_ghost (borrowed (Type.creusotcontracts_std1_vec_vec t))
  clone CreusotContracts_Logic_Resolve_Resolve_Resolve as Resolve0 with type self = borrowed (Type.creusotcontracts_std1_vec_vec t)
  clone CreusotContracts_Std1_Ord_Ord_Le_Interface as Le0 with type self = t, predicate LeLog0.le_log = LeLog0.le_log
  clone CreusotContracts_Logic_Ghost_Impl1_Record_Interface as Record0 with type t = borrowed (Type.creusotcontracts_std1_vec_vec t),
  function Model0.model = Model1.model
  clone CreusotContracts_Logic_Model_Impl0_Model as Model3 with type t = Type.creusotcontracts_std1_vec_vec t,
  type ModelTy0.modelTy = ModelTy0.modelTy, function Model0.model = Model2.model
  clone CreusotContracts_Std1_Vec_Impl3_Index_Interface as Index0 with type t = t, function Model0.model = Model3.model
  clone CreusotContracts_Std1_Vec_Impl1_Len_Interface as Len0 with type t = t, function Model0.model = Model3.model
  clone CreusotContracts_Std1_Vec_Impl1_Swap_Interface as Swap0 with type t = t, function Model0.model = Model0.model,
  function Model1.model = Model2.model
  let rec cfg gnome_sort (v : borrowed (Type.creusotcontracts_std1_vec_vec t)) : ()
    ensures { PermutationOf0.permutation_of (Model2.model ( ^ v)) (Model2.model ( * v)) }
    ensures { Sorted0.sorted (Model2.model ( ^ v)) }
    
   = 
  var _0 : ();
  var v_1 : borrowed (Type.creusotcontracts_std1_vec_vec t);
  var old_v_2 : Type.creusotcontracts_logic_ghost_ghost (borrowed (Type.creusotcontracts_std1_vec_vec t));
  var _3 : borrowed (Type.creusotcontracts_std1_vec_vec t);
  var _4 : borrowed (Type.creusotcontracts_std1_vec_vec t);
  var i_5 : usize;
  var _6 : ();
  var _7 : bool;
  var _8 : usize;
  var _9 : usize;
  var _10 : Type.creusotcontracts_std1_vec_vec t;
  var _11 : bool;
  var _12 : bool;
  var _13 : usize;
  var _14 : bool;
  var _15 : t;
  var _16 : t;
  var _17 : Type.creusotcontracts_std1_vec_vec t;
  var _18 : usize;
  var _19 : usize;
  var _20 : t;
  var _21 : t;
  var _22 : t;
  var _23 : Type.creusotcontracts_std1_vec_vec t;
  var _24 : usize;
  var _25 : ();
  var _26 : borrowed (Type.creusotcontracts_std1_vec_vec t);
  var _27 : usize;
  var _28 : usize;
  var _29 : usize;
  var _30 : ();
  var _31 : ();
  var _32 : ();
  {
    v_1 <- v;
    goto BB0
  }
  BB0 {
    _4 <- v_1;
    _3 <- _4;
    assume { Resolve0.resolve _4 };
    old_v_2 <- Record0.record _3;
    goto BB1
  }
  BB1 {
    assume { Resolve1.resolve old_v_2 };
    i_5 <- (0 : usize);
    goto BB2
  }
  BB2 {
    invariant sorted { SortedRange0.sorted_range (Model0.model v_1) 0 (UInt64.to_int i_5) };
    invariant proph_const {  ^ v_1 =  ^ Model1.model old_v_2 };
    invariant permutation { PermutationOf0.permutation_of (Model2.model ( * v_1)) (Model2.model ( * Model1.model old_v_2)) };
    goto BB3
  }
  BB3 {
    assume { Resolve2.resolve _8 };
    _8 <- i_5;
    _10 <-  * v_1;
    _9 <- Len0.len _10;
    goto BB4
  }
  BB4 {
    _7 <- _8 < _9;
    switch (_7)
      | False -> goto BB16
      | _ -> goto BB5
      end
  }
  BB5 {
    assume { Resolve2.resolve _13 };
    _13 <- i_5;
    _12 <- _13 = (0 : usize);
    switch (_12)
      | False -> goto BB7
      | _ -> goto BB6
      end
  }
  BB6 {
    _11 <- true;
    goto BB8
  }
  BB7 {
    _17 <-  * v_1;
    assume { Resolve2.resolve _19 };
    _19 <- i_5;
    _18 <- _19 - (1 : usize);
    _16 <- Index0.index _17 _18;
    goto BB9
  }
  BB8 {
    switch (_11)
      | False -> goto BB13
      | _ -> goto BB12
      end
  }
  BB9 {
    _15 <- _16;
    assume { Resolve4.resolve _16 };
    _23 <-  * v_1;
    assume { Resolve2.resolve _24 };
    _24 <- i_5;
    _22 <- Index0.index _23 _24;
    goto BB10
  }
  BB10 {
    _21 <- _22;
    assume { Resolve4.resolve _22 };
    _20 <- _21;
    assume { Resolve4.resolve _21 };
    _14 <- Le0.le _15 _20;
    goto BB11
  }
  BB11 {
    assume { Resolve5.resolve _11 };
    _11 <- _14;
    goto BB8
  }
  BB12 {
    i_5 <- i_5 + (1 : usize);
    _6 <- ();
    assume { Resolve3.resolve _6 };
    goto BB15
  }
  BB13 {
    _26 <- borrow_mut ( * v_1);
    v_1 <- { v_1 with current = ( ^ _26) };
    assume { Resolve2.resolve _28 };
    _28 <- i_5;
    _27 <- _28 - (1 : usize);
    assume { Resolve2.resolve _29 };
    _29 <- i_5;
    _25 <- Swap0.swap _26 _27 _29;
    goto BB14
  }
  BB14 {
    i_5 <- i_5 - (1 : usize);
    _6 <- ();
    assume { Resolve3.resolve _6 };
    goto BB15
  }
  BB15 {
    goto BB2
  }
  BB16 {
    assume { Resolve6.resolve v_1 };
    assume { Resolve2.resolve i_5 };
    _0 <- ();
    return _0
  }
  
end
