error[E0277]: cannot calculate the remainder of `i32` divided by `_` in logic
 --> rem_unimplemented.rs:8:9
  |
8 |     x % y
  |     ----^
  |     |   |
  |     |   no implementation for `i32 % _` in logic
  |     required by a bound introduced by this call
  |
  = help: the trait `creusot_contracts::logic::ops::RemLogic<_>` is not implemented for `i32`
  = help: the trait `creusot_contracts::logic::ops::RemLogic` is implemented for `creusot_contracts::Int`

error[E0277]: cannot calculate the remainder of `i32` divided by `i32` in logic
 --> rem_unimplemented.rs:8:5
  |
8 |     x % y
  |     ^^^^^ no implementation for `i32 % i32` in logic
  |
  = help: the trait `creusot_contracts::logic::ops::RemLogic` is not implemented for `i32`
  = help: the trait `creusot_contracts::logic::ops::RemLogic` is implemented for `creusot_contracts::Int`

error: aborting due to 2 previous errors

For more information about this error, try `rustc --explain E0277`.
