module Type
  use Ref
  use mach.int.Int
  use prelude.Int8
  use prelude.Int16
  use mach.int.Int32
  use mach.int.Int64
  use prelude.UInt8
  use prelude.UInt16
  use mach.int.UInt32
  use mach.int.UInt64
  use string.Char
  use floating_point.Single
  use floating_point.Double
  use prelude.Prelude
  type core_marker_phantomdata 't = 
    | Core_Marker_PhantomData
    
  type core_ptr_unique_unique 't = 
    | Core_Ptr_Unique_Unique opaque_ptr (core_marker_phantomdata 't)
    
  type alloc_rawvec_rawvec 't 'a = 
    | Alloc_RawVec_RawVec (core_ptr_unique_unique 't) usize 'a
    
  type alloc_vec_vec 't 'a = 
    | Alloc_Vec_Vec (alloc_rawvec_rawvec 't 'a) usize
    
  type alloc_alloc_global  = 
    | Alloc_Alloc_Global
    
end
module Alloc_Vec_Impl0_New_Interface
  type t   
  use Type
  val new [@cfg:stackify] () : Type.alloc_vec_vec t (Type.alloc_alloc_global)
    requires {true = true}
    requires {false}
    
end
module Alloc_Vec_Impl0_New
  type t   
  use Type
  val new [@cfg:stackify] () : Type.alloc_vec_vec t (Type.alloc_alloc_global)
    requires {true = true}
    
end
module CreusotContracts_Logic_Resolve_Resolve_Resolve_Interface
  type self   
  predicate resolve (self : self)
end
module CreusotContracts_Logic_Resolve_Resolve_Resolve
  type self   
  predicate resolve (self : self)
end
module C07ExternSpec_Main_Interface
  val main [@cfg:stackify] () : ()
end
module C07ExternSpec_Main
  use Type
  clone CreusotContracts_Logic_Resolve_Resolve_Resolve as Resolve0 with type self = Type.alloc_vec_vec bool (Type.alloc_alloc_global)
  clone Alloc_Vec_Impl0_New_Interface as New0 with type t = bool
  let rec cfg main [@cfg:stackify] () : () = 
  var _0 : ();
  var v_1 : Type.alloc_vec_vec bool (Type.alloc_alloc_global);
  {
    goto BB0
  }
  BB0 {
    v_1 <- New0.new ();
    goto BB1
  }
  BB1 {
    _0 <- ();
    goto BB2
  }
  BB2 {
    assume { Resolve0.resolve v_1 };
    return _0
  }
  
end
module C07ExternSpec_HasParams_Interface
  type v   
  type u   
  type x   
  val has_params [@cfg:stackify] (a : v) (b : u) (c : x) : ()
end
module C07ExternSpec_HasParams
  type v   
  type u   
  type x   
  clone CreusotContracts_Logic_Resolve_Resolve_Resolve as Resolve2 with type self = v
  clone CreusotContracts_Logic_Resolve_Resolve_Resolve as Resolve1 with type self = u
  clone CreusotContracts_Logic_Resolve_Resolve_Resolve as Resolve0 with type self = x
  let rec cfg has_params [@cfg:stackify] (a : v) (b : u) (c : x) : () = 
  var _0 : ();
  var a_1 : v;
  var b_2 : u;
  var c_3 : x;
  {
    a_1 <- a;
    b_2 <- b;
    c_3 <- c;
    goto BB0
  }
  BB0 {
    _0 <- ();
    goto BB1
  }
  BB1 {
    assume { Resolve0.resolve c_3 };
    goto BB2
  }
  BB2 {
    assume { Resolve1.resolve b_2 };
    goto BB3
  }
  BB3 {
    assume { Resolve2.resolve a_1 };
    return _0
  }
  
end
module C07ExternSpec_UsesA_Interface
  type t   
  val uses_a [@cfg:stackify] (x : t) : ()
end
module C07ExternSpec_UsesA
  type t   
  clone CreusotContracts_Logic_Resolve_Resolve_Resolve as Resolve0 with type self = t
  let rec cfg uses_a [@cfg:stackify] (x : t) : () = 
  var _0 : ();
  var x_1 : t;
  {
    x_1 <- x;
    goto BB0
  }
  BB0 {
    _0 <- ();
    goto BB1
  }
  BB1 {
    assume { Resolve0.resolve x_1 };
    return _0
  }
  
end
module C07ExternSpec_Client_Interface
  type t   
  val client [@cfg:stackify] (y : t) : ()
end
module C07ExternSpec_Client
  type t   
  clone C07ExternSpec_UsesA_Interface as UsesA0 with type t = t
  clone CreusotContracts_Logic_Resolve_Resolve_Resolve as Resolve0 with type self = t
  let rec cfg client [@cfg:stackify] (y : t) : () = 
  var _0 : ();
  var y_1 : t;
  var _2 : t;
  {
    y_1 <- y;
    goto BB0
  }
  BB0 {
    assume { Resolve0.resolve _2 };
    _2 <- y_1;
    _0 <- UsesA0.uses_a _2;
    goto BB1
  }
  BB1 {
    goto BB2
  }
  BB2 {
    return _0
  }
  
end
