warning: unnecessary braces around function argument
  --> 12_ghost_code.rs:20:19
   |
20 |     _s = ghost! { { _s.push(a) } };
   |                   ^^          ^^
   |
   = note: `#[warn(unused_braces)]` on by default
help: remove these braces
   |
20 -     _s = ghost! { { _s.push(a) } };
20 +     _s = ghost! { _s.push(a) };
   |

warning: 1 warning emitted

