warning: final operator
 --> adt.rs:6:29
  |
6 | #[ensures({let (a, b) = x; *a == *b})]
  |                             ^
  |
note: the lint level is defined here
 --> adt.rs:1:9
  |
1 | #![warn(creusot::prusti_final)]
  |         ^^^^^^^^^^^^^^^^^^^^^

warning: final operator
 --> adt.rs:6:35
  |
6 | #[ensures({let (a, b) = x; *a == *b})]
  |                                   ^

warning: 2 warnings emitted

