warning: final operator
 --> partial_zombie.rs:5:12
  |
5 | #[ensures(*f0(x) == f1(x))]
  |            ^^^^^
  |
note: the lint level is defined here
 --> partial_zombie.rs:1:9
  |
1 | #![warn(creusot::prusti_final)]
  |         ^^^^^^^^^^^^^^^^^^^^^

warning: 1 warning emitted

