warning: final operator
  --> reborrow_stash.rs:12:16
   |
12 |     #[ensures(*stash == old(self.x))]
   |                ^^^^^
   |
note: the lint level is defined here
  --> reborrow_stash.rs:1:9
   |
1  | #![warn(creusot::prusti_final)]
   |         ^^^^^^^^^^^^^^^^^^^^^

warning: final operator
  --> reborrow_stash.rs:14:20
   |
14 |     #[after_expiry(self.x == *result)]
   |                    ^^^^

warning: final operator
  --> reborrow_stash.rs:14:31
   |
14 |     #[after_expiry(self.x == *result)]
   |                               ^^^^^^

warning: 3 warnings emitted

