warning: final operator
 --> take_first_mut.rs:9:22
  |
9 | #[after_expiry('i, (*old(*s))@ == Seq::singleton(*result).concat((*curr(*s))@))] // Note this needs new syntax `curr`
  |                      ^^^^^^^
  |
note: the lint level is defined here
 --> take_first_mut.rs:1:9
  |
1 | #![warn(creusot::prusti_final)]
  |         ^^^^^^^^^^^^^^^^^^^^^

warning: final operator
 --> take_first_mut.rs:9:51
  |
9 | #[after_expiry('i, (*old(*s))@ == Seq::singleton(*result).concat((*curr(*s))@))] // Note this needs new syntax `curr`
  |                                                   ^^^^^^

warning: final operator
 --> take_first_mut.rs:9:74
  |
9 | #[after_expiry('i, (*old(*s))@ == Seq::singleton(*result).concat((*curr(*s))@))] // Note this needs new syntax `curr`
  |                                                                          ^

warning: final operator
 --> take_first_mut.rs:9:68
  |
9 | #[after_expiry('i, (*old(*s))@ == Seq::singleton(*result).concat((*curr(*s))@))] // Note this needs new syntax `curr`
  |                                                                    ^^^^^^^^

warning: final operator
 --> take_first_mut.rs:8:14
  |
8 | #[ensures((**s)@ == old((**s)@.subsequence(1, (**s)@.len())))]
  |              ^

warning: 5 warnings emitted

