warning: Loop variants are currently unsupported.
 --> loops.rs:5:15
  |
5 |     #[variant(0)]
  |               ^

warning: 1 warning emitted

