module Type
  use Ref
  use mach.int.Int
  use mach.int.Int32
  use mach.int.Int64
  use mach.int.UInt32
  use mach.int.UInt64
  use string.Char
  use floating_point.Single
  use floating_point.Double
  use prelude.Prelude
  type branchborrow3_myint  = 
    | BranchBorrow3_MyInt(usize)
    
end
module BranchBorrow3_Main_Interface
  val main () : ()
end
module BranchBorrow3_Main
  use mach.int.Int
  use mach.int.UInt64
  use prelude.Prelude
  use Type
  let rec cfg main () : () = 
  var _0 : ();
  var a_1 : (Type.branchborrow3_myint, Type.branchborrow3_myint);
  var _2 : Type.branchborrow3_myint;
  var _3 : Type.branchborrow3_myint;
  var b_4 : borrowed (Type.branchborrow3_myint, Type.branchborrow3_myint);
  var c_5 : borrowed (Type.branchborrow3_myint);
  var d_6 : borrowed (Type.branchborrow3_myint);
  var _7 : bool;
  var _8 : usize;
  var _9 : usize;
  {
    goto BB0
  }
  BB0 {
    _2 <- Type.BranchBorrow3_MyInt((10 : usize));
    _3 <- Type.BranchBorrow3_MyInt((5 : usize));
    a_1 <- (_2, _3);
    b_4 <- borrow_mut a_1;
    a_1 <-  ^ b_4;
    assume { (fun x -> true) a_1 };
    c_5 <- borrow_mut (let (_, a) =  * b_4 in a);
    b_4 <- { b_4 with current = (let (a, b) =  * b_4 in (a,  ^ c_5)) };
    d_6 <- borrow_mut (let (a, _) =  * b_4 in a);
    b_4 <- { b_4 with current = (let (a, b) =  * b_4 in ( ^ d_6, b)) };
    assume { (fun x -> true) b_4 };
    assume { (fun x -> true) _8 };
    _8 <- (let Type.BranchBorrow3_MyInt(a) =  * c_5 in a);
    assume { (fun x -> true) c_5 };
    assume { (fun x -> true) _9 };
    _9 <- (let Type.BranchBorrow3_MyInt(a) =  * d_6 in a);
    assume { (fun x -> true) d_6 };
    _7 <- _8 <> _9;
    assume { (fun x -> true) _7 };
    _0 <- ();
    return _0
  }
  
end
