module Type
  use Ref
  use mach.int.Int
  use prelude.Int8
  use prelude.Int16
  use mach.int.Int32
  use mach.int.Int64
  use prelude.UInt8
  use prelude.UInt16
  use mach.int.UInt32
  use mach.int.UInt64
  use string.Char
  use floating_point.Single
  use floating_point.Double
  use prelude.Prelude
  type mappingtest_t  = 
    | MappingTest_T int32
    
  function mappingtest_t_T_a (self : mappingtest_t) : int32
  val mappingtest_t_T_a (self : mappingtest_t) : int32
    ensures { result = mappingtest_t_T_a self }
    
  axiom mappingtest_t_T_a_acc : forall a : int32 . mappingtest_t_T_a (MappingTest_T a : mappingtest_t) = a
  type creusotcontracts_logic_ghost_ghost 't = 
    | CreusotContracts_Logic_Ghost_Ghost opaque_ptr
    
end
module CreusotContracts_Logic_Model_Model_ModelTy
  type self   
  type modelTy   
end
module CreusotContracts_Logic_Model_Model_Model_Interface
  type self   
  clone CreusotContracts_Logic_Model_Model_ModelTy as ModelTy0 with type self = self
  function model (self : self) : ModelTy0.modelTy
end
module CreusotContracts_Logic_Model_Model_Model
  type self   
  clone CreusotContracts_Logic_Model_Model_ModelTy as ModelTy0 with type self = self
  function model (self : self) : ModelTy0.modelTy
end
module MappingTest_Impl0_ModelTy
  use map.Map
  use mach.int.Int
  type modelTy  = 
    Map.map int int
end
module MappingTest_Impl0_Model_Interface
  use mach.int.Int
  use map.Map
  use mach.int.Int32
  use Type
  function model (self : Type.mappingtest_t) : Map.map int int
end
module MappingTest_Impl0_Model
  use mach.int.Int
  use map.Map
  use mach.int.Int32
  use Type
  function model (self : Type.mappingtest_t) : Map.map int int
  axiom model_spec : forall self : Type.mappingtest_t . forall i : (int) . Map.get (model self) i = (if 0 <= i && i < Int32.to_int (Type.mappingtest_t_T_a self) then
    1
  else
    0
  )
end
module MappingTest_Impl0
  use Type
  clone MappingTest_Impl0_Model as Model0 with axiom .
  clone MappingTest_Impl0_ModelTy as ModelTy0
  clone CreusotContracts_Logic_Model_Model_Model as Model1 with type self = Type.mappingtest_t,
  type ModelTy0.modelTy = ModelTy0.modelTy, function model = Model0.model
  clone CreusotContracts_Logic_Model_Model_ModelTy as ModelTy1 with type self = Type.mappingtest_t,
  type modelTy = ModelTy0.modelTy
end
module CreusotContracts_Logic_Resolve_Resolve_Resolve_Interface
  type self   
  predicate resolve (self : self)
end
module CreusotContracts_Logic_Resolve_Resolve_Resolve
  type self   
  predicate resolve (self : self)
end
module CreusotContracts_Logic_Ghost_Impl0_ModelTy
  type t   
  type modelTy  = 
    t
end
module CreusotContracts_Logic_Ghost_Impl0_Model_Interface
  type t   
  use Type
  function model (self : Type.creusotcontracts_logic_ghost_ghost t) : t
end
module CreusotContracts_Logic_Ghost_Impl0_Model
  type t   
  use Type
  function model (self : Type.creusotcontracts_logic_ghost_ghost t) : t
end
module CreusotContracts_Logic_Ghost_Impl0
  type t   
  use Type
  clone CreusotContracts_Logic_Ghost_Impl0_Model as Model0 with type t = t
  clone CreusotContracts_Logic_Ghost_Impl0_ModelTy as ModelTy0 with type t = t
  clone CreusotContracts_Logic_Model_Model_Model as Model1 with type self = Type.creusotcontracts_logic_ghost_ghost t,
  type ModelTy0.modelTy = ModelTy0.modelTy, function model = Model0.model
  clone CreusotContracts_Logic_Model_Model_ModelTy as ModelTy1 with type self = Type.creusotcontracts_logic_ghost_ghost t,
  type modelTy = ModelTy0.modelTy
end
module CreusotContracts_Logic_Ghost_Impl1_Record_Interface
  type t   
  use prelude.Prelude
  use Type
  clone CreusotContracts_Logic_Ghost_Impl0_Model_Interface as Model0 with type t = t
  val record [@cfg:stackify] (a : t) : Type.creusotcontracts_logic_ghost_ghost t
    ensures { Model0.model result = a }
    
end
module CreusotContracts_Logic_Ghost_Impl1_Record
  type t   
  use prelude.Prelude
  use Type
  clone CreusotContracts_Logic_Ghost_Impl0_Model_Interface as Model0 with type t = t
  val record [@cfg:stackify] (a : t) : Type.creusotcontracts_logic_ghost_ghost t
    ensures { Model0.model result = a }
    
end
module CreusotContracts_Logic_Resolve_Impl1_Resolve_Interface
  type t   
  use prelude.Prelude
  predicate resolve (self : borrowed t)
end
module CreusotContracts_Logic_Resolve_Impl1_Resolve
  type t   
  use prelude.Prelude
  predicate resolve (self : borrowed t) = 
     ^ self =  * self
end
module CreusotContracts_Logic_Resolve_Impl1
  type t   
  use prelude.Prelude
  clone CreusotContracts_Logic_Resolve_Impl1_Resolve as Resolve0 with type t = t
  clone CreusotContracts_Logic_Resolve_Resolve_Resolve as Resolve1 with type self = borrowed t,
  predicate resolve = Resolve0.resolve
end
module MappingTest_Incr_Interface
  use mach.int.Int32
  use mach.int.Int
  use map.Map
  use prelude.Prelude
  use Type
  clone MappingTest_Impl0_Model_Interface as Model0 with axiom .
  val incr [@cfg:stackify] (t : borrowed (Type.mappingtest_t)) : ()
    requires {Int32.to_int (Type.mappingtest_t_T_a ( * t)) < 1000}
    requires {0 <= Int32.to_int (Type.mappingtest_t_T_a ( * t))}
    ensures { Model0.model ( ^ t) = Map.set (Model0.model ( * t)) (Int32.to_int (Type.mappingtest_t_T_a ( * t))) 1 }
    
end
module MappingTest_Incr
  use mach.int.Int32
  use mach.int.Int
  use map.Map
  use map.MapExt
  use prelude.Prelude
  use Type
  clone CreusotContracts_Logic_Ghost_Impl0_Model as Model1 with type t = Type.mappingtest_t
  clone MappingTest_Impl0_Model as Model0 with axiom .
  clone CreusotContracts_Logic_Resolve_Resolve_Resolve as Resolve2 with type self = ()
  clone CreusotContracts_Logic_Resolve_Impl1_Resolve as Resolve1 with type t = Type.mappingtest_t
  clone CreusotContracts_Logic_Resolve_Resolve_Resolve as Resolve0 with type self = Type.creusotcontracts_logic_ghost_ghost (Type.mappingtest_t)
  clone CreusotContracts_Logic_Ghost_Impl1_Record_Interface as Record0 with type t = Type.mappingtest_t,
  function Model0.model = Model1.model
  let rec cfg incr [@cfg:stackify] (t : borrowed (Type.mappingtest_t)) : ()
    requires {Int32.to_int (Type.mappingtest_t_T_a ( * t)) < 1000}
    requires {0 <= Int32.to_int (Type.mappingtest_t_T_a ( * t))}
    ensures { Model0.model ( ^ t) = Map.set (Model0.model ( * t)) (Int32.to_int (Type.mappingtest_t_T_a ( * t))) 1 }
    
   = 
  var _0 : ();
  var t_1 : borrowed (Type.mappingtest_t);
  var old_t_2 : Type.creusotcontracts_logic_ghost_ghost (Type.mappingtest_t);
  var _3 : Type.mappingtest_t;
  var _4 : ();
  {
    t_1 <- t;
    goto BB0
  }
  BB0 {
    _3 <-  * t_1;
    old_t_2 <- Record0.record _3;
    goto BB1
  }
  BB1 {
    assume { Resolve0.resolve old_t_2 };
    t_1 <- { t_1 with current = (let Type.MappingTest_T a =  * t_1 in Type.MappingTest_T (Type.mappingtest_t_T_a ( * t_1) + (1 : int32))) };
    assume { Resolve1.resolve t_1 };
    assert { MapExt.(==) (Model0.model ( ^ t_1)) (Map.set (Model0.model (Model1.model old_t_2)) (Int32.to_int (Type.mappingtest_t_T_a (Model1.model old_t_2))) 1) };
    _4 <- ();
    assume { Resolve2.resolve _4 };
    _0 <- ();
    return _0
  }
  
end
module MappingTest_Main_Interface
  val main [@cfg:stackify] () : ()
end
module MappingTest_Main
  use mach.int.Int
  use mach.int.Int32
  use map.Map
  clone MappingTest_Impl0_Model as Model0 with axiom .
  use Type
  use prelude.Prelude
  clone CreusotContracts_Logic_Resolve_Impl1_Resolve as Resolve2 with type t = Type.mappingtest_t
  clone CreusotContracts_Logic_Resolve_Resolve_Resolve as Resolve1 with type self = Type.mappingtest_t
  clone CreusotContracts_Logic_Resolve_Resolve_Resolve as Resolve0 with type self = ()
  clone MappingTest_Incr_Interface as Incr0 with function Model0.model = Model0.model
  let rec cfg main [@cfg:stackify] () : () = 
  var _0 : ();
  var x_1 : Type.mappingtest_t;
  var _2 : ();
  var _3 : ();
  var _4 : ();
  var _5 : borrowed (Type.mappingtest_t);
  var _6 : borrowed (Type.mappingtest_t);
  var _7 : ();
  var _8 : ();
  {
    goto BB0
  }
  BB0 {
    x_1 <- Type.MappingTest_T (42 : int32);
    assert { Map.get (Model0.model x_1) 13 = 1 };
    _2 <- ();
    assume { Resolve0.resolve _2 };
    assert { Map.get (Model0.model x_1) 42 = 0 };
    _3 <- ();
    assume { Resolve0.resolve _3 };
    _6 <- borrow_mut x_1;
    x_1 <-  ^ _6;
    assume { Resolve1.resolve x_1 };
    _5 <- borrow_mut ( * _6);
    _6 <- { _6 with current = ( ^ _5) };
    _4 <- Incr0.incr _5;
    goto BB1
  }
  BB1 {
    assume { Resolve2.resolve _6 };
    assert { Map.get (Model0.model x_1) 13 = 1 };
    _7 <- ();
    assume { Resolve0.resolve _7 };
    assert { Map.get (Model0.model x_1) 42 = 1 };
    _8 <- ();
    assume { Resolve0.resolve _8 };
    _0 <- ();
    return _0
  }
  
end
