module Type
  use Ref
  use mach.int.Int
  use mach.int.Int32
  use mach.int.Int64
  use mach.int.UInt32
  use mach.int.UInt64
  use string.Char
  use floating_point.Single
  use floating_point.Double
  use prelude.Prelude
end
module Core_Panicking_Panic_Interface
  use prelude.Prelude
  val panic (expr : string) : ()
    requires {false}
    ensures { false }
    
end
module Core_Panicking_Panic
  use prelude.Prelude
  val panic (expr : string) : ()
    requires {false}
    ensures { false }
    
end
module MatchInt_Main_Interface
  val main () : ()
end
module MatchInt_Main
  use mach.int.Int
  use mach.int.Int32
  use prelude.Prelude
  clone Core_Panicking_Panic_Interface as Panic0
  let rec cfg main () : () = 
  var _0 : ();
  var _1 : int32;
  var _2 : bool;
  var _3 : bool;
  var _4 : bool;
  var _5 : ();
  var _6 : bool;
  var _7 : ();
  var _8 : bool;
  var _9 : ();
  {
    goto BB0
  }
  BB0 {
    _1 <- (1 : int32);
    _2 <- (0 : int32) <= _1;
    switch (_2)
      | False -> goto BB3
      | _ -> goto BB1
      end
  }
  BB1 {
    _3 <- _1 < (10 : int32);
    switch (_3)
      | False -> goto BB3
      | _ -> goto BB2
      end
  }
  BB2 {
    assume { (fun x -> true) _1 };
    goto BB7
  }
  BB3 {
    switch (_1 = 5)
      | True -> goto BB4
      | False -> switch (_1 = 6)
        | True -> goto BB5
        | False -> goto BB6
        end
      end
  }
  BB4 {
    assume { (fun x -> true) _1 };
    goto BB10
  }
  BB5 {
    assume { (fun x -> true) _1 };
    goto BB10
  }
  BB6 {
    assume { (fun x -> true) _1 };
    _8 <- not false;
    switch (_8)
      | False -> goto BB14
      | _ -> goto BB13
      end
  }
  BB7 {
    _4 <- not true;
    switch (_4)
      | False -> goto BB9
      | _ -> goto BB8
      end
  }
  BB8 {
    absurd
  }
  BB9 {
    _0 <- ();
    goto BB15
  }
  BB10 {
    _6 <- not false;
    switch (_6)
      | False -> goto BB12
      | _ -> goto BB11
      end
  }
  BB11 {
    absurd
  }
  BB12 {
    _0 <- ();
    goto BB15
  }
  BB13 {
    absurd
  }
  BB14 {
    _0 <- ();
    goto BB15
  }
  BB15 {
    return _0
  }
  
end
