module Type
  use Ref
  use mach.int.Int
  use mach.int.Int32
  use mach.int.Int64
  use mach.int.UInt32
  use mach.int.UInt64
  use string.Char
  use floating_point.Single
  use floating_point.Double
  use prelude.Prelude
end
module Prophecy_Main_Interface
  val main () : ()
end
module Prophecy_Main
  use mach.int.Int
  use mach.int.Int32
  use prelude.Prelude
  let rec cfg main () : () = 
  var _0 : ();
  var x_1 : int32;
  var y_2 : borrowed int32;
  {
    goto BB0
  }
  BB0 {
    x_1 <- (0 : int32);
    y_2 <- borrow_mut x_1;
    x_1 <-  ^ y_2;
    assume { (fun x -> true) x_1 };
    y_2 <- { y_2 with current = (5 : int32) };
    assume { (fun x -> true) y_2 };
    _0 <- ();
    return _0
  }
  
end
