module Type
  use Ref
  use mach.int.Int
  use mach.int.Int32
  use mach.int.Int64
  use mach.int.UInt32
  use mach.int.UInt64
  use string.Char
  use floating_point.Single
  use floating_point.Double
  use prelude.Prelude
end
module Core_Marker_Sized
  type self   
end
module C01_A
  type self   
  type b   
  val from_b (x : self) : b
end
module C01_UsesGeneric_Interface
  type t   
  use mach.int.Int
  use mach.int.UInt32
  val uses_generic (b : t) : uint32
end
module C01_UsesGeneric
  type t   
  use mach.int.Int
  use mach.int.UInt32
  clone C01_A as A2 with type self = t
  clone C01_A as A1 with type self = t
  clone Core_Marker_Sized as Sized0 with type self = t
  let rec cfg uses_generic (b : t) : uint32 = 
  var _0 : uint32;
  var b_1 : t;
  var _2 : t;
  {
    b_1 <- b;
    goto BB0
  }
  BB0 {
    assume { (fun x -> true) _2 };
    _2 <- b_1;
    _0 <- A2.from_b _2;
    goto BB1
  }
  BB1 {
    goto BB2
  }
  BB2 {
    return _0
  }
  
end
module C01_Main_Interface
  val main () : ()
end
module C01_Main
  let rec cfg main () : () = 
  var _0 : ();
  {
    goto BB0
  }
  BB0 {
    _0 <- ();
    return _0
  }
  
end
