warning: struct `Pair` is never constructed
 --> 10.rs:7:8
  |
7 | struct Pair<T, U>(T, U);
  |        ^^^^
  |
  = note: `#[warn(dead_code)]` on by default

warning: 1 warning emitted

