error[creusot]: function was supposed to return data with home/lifetime `'d` but it is returning data with home/lifetime `'c`
  --> lifetimes.rs:13:5
   |
13 |     fn test<'c: 'd, 'd>(x: &'c mut Y) -> &'c mut Y {
   |     ^^^^^^^^^^^^^^^^^^^^^^^^^^^^^^^^^^^^^^^^^^^^^^

error: aborting due to previous error

