warning: support for string types is limited and experimental
 --> char_pattern.rs:4:11
  |
4 |     match x {
  |           ^
  |
  = note: `#[warn(creusot::experimental)]` on by default

warning: support for string types is limited and experimental
 --> char_pattern.rs:5:9
  |
5 |         'a' => (),
  |         ^^^

error: match on char is currently unsupported
 --> char_pattern.rs:4:5
  |
4 |     match x {
  |     ^^^^^^^

error: aborting due to 1 previous error; 2 warnings emitted

